  Determining projects to restore...
C:\Users\blanc\CascadeProjects\DeskDefender\DeskDefender\DeskDefender.csproj : warning NU1603: DeskDefender depends on OpenCvSharp4 (>= 4.10.0.20241020) but OpenCvSharp4 4.10.0.20241020 was not found. OpenCvSharp4 4.10.0.20241107 was resolved instead.
C:\Users\blanc\CascadeProjects\DeskDefender\DeskDefender\DeskDefender.csproj : warning NU1603: DeskDefender depends on OpenCvSharp4.runtime.win (>= 4.10.0.20241020) but OpenCvSharp4.runtime.win 4.10.0.20241020 was not found. OpenCvSharp4.runtime.win 4.10.0.20241107 was resolved instead.
  All projects are up-to-date for restore.
C:\Users\blanc\CascadeProjects\DeskDefender\DeskDefender\DeskDefender.csproj : warning NU1603: DeskDefender depends on OpenCvSharp4 (>= 4.10.0.20241020) but OpenCvSharp4 4.10.0.20241020 was not found. OpenCvSharp4 4.10.0.20241107 was resolved instead.
C:\Users\blanc\CascadeProjects\DeskDefender\DeskDefender\DeskDefender.csproj : warning NU1603: DeskDefender depends on OpenCvSharp4.runtime.win (>= 4.10.0.20241020) but OpenCvSharp4.runtime.win 4.10.0.20241020 was not found. OpenCvSharp4.runtime.win 4.10.0.20241107 was resolved instead.
C:\Users\blanc\CascadeProjects\DeskDefender\DeskDefender\DeskDefender_zuwbzxgx_wpftmp.csproj : warning NU1603: DeskDefender depends on OpenCvSharp4 (>= 4.10.0.20241020) but OpenCvSharp4 4.10.0.20241020 was not found. OpenCvSharp4 4.10.0.20241107 was resolved instead.
C:\Users\blanc\CascadeProjects\DeskDefender\DeskDefender\DeskDefender_zuwbzxgx_wpftmp.csproj : warning NU1603: DeskDefender depends on OpenCvSharp4.runtime.win (>= 4.10.0.20241020) but OpenCvSharp4.runtime.win 4.10.0.20241020 was not found. OpenCvSharp4.runtime.win 4.10.0.20241107 was resolved instead.
C:\Users\blanc\CascadeProjects\DeskDefender\DeskDefender\Interfaces\IAlertService.cs(15,64): warning CS8625: Cannot convert null literal to non-nullable reference type. [C:\Users\blanc\CascadeProjects\DeskDefender\DeskDefender\DeskDefender_zuwbzxgx_wpftmp.csproj]
C:\Users\blanc\CascadeProjects\DeskDefender\DeskDefender\Services\SqliteEventLogger.cs(152,46): warning CS8625: Cannot convert null literal to non-nullable reference type. [C:\Users\blanc\CascadeProjects\DeskDefender\DeskDefender\DeskDefender_zuwbzxgx_wpftmp.csproj]
C:\Users\blanc\CascadeProjects\DeskDefender\DeskDefender\Services\SqliteEventLogger.cs(153,53): warning CS8625: Cannot convert null literal to non-nullable reference type. [C:\Users\blanc\CascadeProjects\DeskDefender\DeskDefender\DeskDefender_zuwbzxgx_wpftmp.csproj]
C:\Users\blanc\CascadeProjects\DeskDefender\DeskDefender\Services\SqliteEventLogger.cs(249,46): warning CS8625: Cannot convert null literal to non-nullable reference type. [C:\Users\blanc\CascadeProjects\DeskDefender\DeskDefender\DeskDefender_zuwbzxgx_wpftmp.csproj]
C:\Users\blanc\CascadeProjects\DeskDefender\DeskDefender\Services\SqliteEventLogger.cs(250,53): warning CS8625: Cannot convert null literal to non-nullable reference type. [C:\Users\blanc\CascadeProjects\DeskDefender\DeskDefender\DeskDefender_zuwbzxgx_wpftmp.csproj]
C:\Users\blanc\CascadeProjects\DeskDefender\DeskDefender\Services\SqliteEventLogger.cs(299,46): warning CS8625: Cannot convert null literal to non-nullable reference type. [C:\Users\blanc\CascadeProjects\DeskDefender\DeskDefender\DeskDefender_zuwbzxgx_wpftmp.csproj]
C:\Users\blanc\CascadeProjects\DeskDefender\DeskDefender\Services\SqliteEventLogger.cs(300,53): warning CS8625: Cannot convert null literal to non-nullable reference type. [C:\Users\blanc\CascadeProjects\DeskDefender\DeskDefender\DeskDefender_zuwbzxgx_wpftmp.csproj]
C:\Users\blanc\CascadeProjects\DeskDefender\DeskDefender\Services\TwilioAlertService.cs(96,66): warning CS8625: Cannot convert null literal to non-nullable reference type. [C:\Users\blanc\CascadeProjects\DeskDefender\DeskDefender\DeskDefender_zuwbzxgx_wpftmp.csproj]
C:\Users\blanc\CascadeProjects\DeskDefender\DeskDefender\Services\TwilioAlertService.cs(154,77): warning CS8625: Cannot convert null literal to non-nullable reference type. [C:\Users\blanc\CascadeProjects\DeskDefender\DeskDefender\DeskDefender_zuwbzxgx_wpftmp.csproj]
C:\Users\blanc\CascadeProjects\DeskDefender\DeskDefender\Services\TwilioAlertService.cs(392,78): warning CS8625: Cannot convert null literal to non-nullable reference type. [C:\Users\blanc\CascadeProjects\DeskDefender\DeskDefender\DeskDefender_zuwbzxgx_wpftmp.csproj]
C:\Users\blanc\CascadeProjects\DeskDefender\DeskDefender\Windows\SettingsWindow.xaml.cs(170,52): warning CS8625: Cannot convert null literal to non-nullable reference type. [C:\Users\blanc\CascadeProjects\DeskDefender\DeskDefender\DeskDefender_zuwbzxgx_wpftmp.csproj]
C:\Users\blanc\CascadeProjects\DeskDefender\DeskDefender\MainWindow.xaml.cs(1031,22): error CS0111: Type 'MainWindow' already defines a member called 'OnTrayShowMainWindow' with the same parameter types [C:\Users\blanc\CascadeProjects\DeskDefender\DeskDefender\DeskDefender_zuwbzxgx_wpftmp.csproj]
C:\Users\blanc\CascadeProjects\DeskDefender\DeskDefender\MainWindow.xaml.cs(1049,22): error CS0111: Type 'MainWindow' already defines a member called 'OnTrayExitApplication' with the same parameter types [C:\Users\blanc\CascadeProjects\DeskDefender\DeskDefender\DeskDefender_zuwbzxgx_wpftmp.csproj]
C:\Users\blanc\CascadeProjects\DeskDefender\DeskDefender\MainWindow.xaml.cs(1065,22): error CS0111: Type 'MainWindow' already defines a member called 'OnTrayToggleMonitoring' with the same parameter types [C:\Users\blanc\CascadeProjects\DeskDefender\DeskDefender\DeskDefender_zuwbzxgx_wpftmp.csproj]

Build FAILED.

C:\Users\blanc\CascadeProjects\DeskDefender\DeskDefender\DeskDefender.csproj : warning NU1603: DeskDefender depends on OpenCvSharp4 (>= 4.10.0.20241020) but OpenCvSharp4 4.10.0.20241020 was not found. OpenCvSharp4 4.10.0.20241107 was resolved instead.
C:\Users\blanc\CascadeProjects\DeskDefender\DeskDefender\DeskDefender.csproj : warning NU1603: DeskDefender depends on OpenCvSharp4.runtime.win (>= 4.10.0.20241020) but OpenCvSharp4.runtime.win 4.10.0.20241020 was not found. OpenCvSharp4.runtime.win 4.10.0.20241107 was resolved instead.
C:\Users\blanc\CascadeProjects\DeskDefender\DeskDefender\DeskDefender.csproj : warning NU1603: DeskDefender depends on OpenCvSharp4 (>= 4.10.0.20241020) but OpenCvSharp4 4.10.0.20241020 was not found. OpenCvSharp4 4.10.0.20241107 was resolved instead.
C:\Users\blanc\CascadeProjects\DeskDefender\DeskDefender\DeskDefender.csproj : warning NU1603: DeskDefender depends on OpenCvSharp4.runtime.win (>= 4.10.0.20241020) but OpenCvSharp4.runtime.win 4.10.0.20241020 was not found. OpenCvSharp4.runtime.win 4.10.0.20241107 was resolved instead.
C:\Users\blanc\CascadeProjects\DeskDefender\DeskDefender\DeskDefender_zuwbzxgx_wpftmp.csproj : warning NU1603: DeskDefender depends on OpenCvSharp4 (>= 4.10.0.20241020) but OpenCvSharp4 4.10.0.20241020 was not found. OpenCvSharp4 4.10.0.20241107 was resolved instead.
C:\Users\blanc\CascadeProjects\DeskDefender\DeskDefender\DeskDefender_zuwbzxgx_wpftmp.csproj : warning NU1603: DeskDefender depends on OpenCvSharp4.runtime.win (>= 4.10.0.20241020) but OpenCvSharp4.runtime.win 4.10.0.20241020 was not found. OpenCvSharp4.runtime.win 4.10.0.20241107 was resolved instead.
C:\Users\blanc\CascadeProjects\DeskDefender\DeskDefender\Interfaces\IAlertService.cs(15,64): warning CS8625: Cannot convert null literal to non-nullable reference type. [C:\Users\blanc\CascadeProjects\DeskDefender\DeskDefender\DeskDefender_zuwbzxgx_wpftmp.csproj]
C:\Users\blanc\CascadeProjects\DeskDefender\DeskDefender\Services\SqliteEventLogger.cs(152,46): warning CS8625: Cannot convert null literal to non-nullable reference type. [C:\Users\blanc\CascadeProjects\DeskDefender\DeskDefender\DeskDefender_zuwbzxgx_wpftmp.csproj]
C:\Users\blanc\CascadeProjects\DeskDefender\DeskDefender\Services\SqliteEventLogger.cs(153,53): warning CS8625: Cannot convert null literal to non-nullable reference type. [C:\Users\blanc\CascadeProjects\DeskDefender\DeskDefender\DeskDefender_zuwbzxgx_wpftmp.csproj]
C:\Users\blanc\CascadeProjects\DeskDefender\DeskDefender\Services\SqliteEventLogger.cs(249,46): warning CS8625: Cannot convert null literal to non-nullable reference type. [C:\Users\blanc\CascadeProjects\DeskDefender\DeskDefender\DeskDefender_zuwbzxgx_wpftmp.csproj]
C:\Users\blanc\CascadeProjects\DeskDefender\DeskDefender\Services\SqliteEventLogger.cs(250,53): warning CS8625: Cannot convert null literal to non-nullable reference type. [C:\Users\blanc\CascadeProjects\DeskDefender\DeskDefender\DeskDefender_zuwbzxgx_wpftmp.csproj]
C:\Users\blanc\CascadeProjects\DeskDefender\DeskDefender\Services\SqliteEventLogger.cs(299,46): warning CS8625: Cannot convert null literal to non-nullable reference type. [C:\Users\blanc\CascadeProjects\DeskDefender\DeskDefender\DeskDefender_zuwbzxgx_wpftmp.csproj]
C:\Users\blanc\CascadeProjects\DeskDefender\DeskDefender\Services\SqliteEventLogger.cs(300,53): warning CS8625: Cannot convert null literal to non-nullable reference type. [C:\Users\blanc\CascadeProjects\DeskDefender\DeskDefender\DeskDefender_zuwbzxgx_wpftmp.csproj]
C:\Users\blanc\CascadeProjects\DeskDefender\DeskDefender\Services\TwilioAlertService.cs(96,66): warning CS8625: Cannot convert null literal to non-nullable reference type. [C:\Users\blanc\CascadeProjects\DeskDefender\DeskDefender\DeskDefender_zuwbzxgx_wpftmp.csproj]
C:\Users\blanc\CascadeProjects\DeskDefender\DeskDefender\Services\TwilioAlertService.cs(154,77): warning CS8625: Cannot convert null literal to non-nullable reference type. [C:\Users\blanc\CascadeProjects\DeskDefender\DeskDefender\DeskDefender_zuwbzxgx_wpftmp.csproj]
C:\Users\blanc\CascadeProjects\DeskDefender\DeskDefender\Services\TwilioAlertService.cs(392,78): warning CS8625: Cannot convert null literal to non-nullable reference type. [C:\Users\blanc\CascadeProjects\DeskDefender\DeskDefender\DeskDefender_zuwbzxgx_wpftmp.csproj]
C:\Users\blanc\CascadeProjects\DeskDefender\DeskDefender\Windows\SettingsWindow.xaml.cs(170,52): warning CS8625: Cannot convert null literal to non-nullable reference type. [C:\Users\blanc\CascadeProjects\DeskDefender\DeskDefender\DeskDefender_zuwbzxgx_wpftmp.csproj]
C:\Users\blanc\CascadeProjects\DeskDefender\DeskDefender\MainWindow.xaml.cs(1031,22): error CS0111: Type 'MainWindow' already defines a member called 'OnTrayShowMainWindow' with the same parameter types [C:\Users\blanc\CascadeProjects\DeskDefender\DeskDefender\DeskDefender_zuwbzxgx_wpftmp.csproj]
C:\Users\blanc\CascadeProjects\DeskDefender\DeskDefender\MainWindow.xaml.cs(1049,22): error CS0111: Type 'MainWindow' already defines a member called 'OnTrayExitApplication' with the same parameter types [C:\Users\blanc\CascadeProjects\DeskDefender\DeskDefender\DeskDefender_zuwbzxgx_wpftmp.csproj]
C:\Users\blanc\CascadeProjects\DeskDefender\DeskDefender\MainWindow.xaml.cs(1065,22): error CS0111: Type 'MainWindow' already defines a member called 'OnTrayToggleMonitoring' with the same parameter types [C:\Users\blanc\CascadeProjects\DeskDefender\DeskDefender\DeskDefender_zuwbzxgx_wpftmp.csproj]
    17 Warning(s)
    3 Error(s)

Time Elapsed 00:00:01.17
