C:\Users\blanc\CascadeProjects\DeskDefender\DeskDefender\DeskDefender.csproj : warning NU1603: DeskDefender depends on OpenCvSharp4 (>= 4.10.0.20241020) but OpenCvSharp4 4.10.0.20241020 was not found. OpenCvSharp4 4.10.0.20241107 was resolved instead.
C:\Users\blanc\CascadeProjects\DeskDefender\DeskDefender\DeskDefender.csproj : warning NU1603: DeskDefender depends on OpenCvSharp4.runtime.win (>= 4.10.0.20241020) but OpenCvSharp4.runtime.win 4.10.0.20241020 was not found. OpenCvSharp4.runtime.win 4.10.0.20241107 was resolved instead.
C:\Users\blanc\CascadeProjects\DeskDefender\DeskDefender\DeskDefender.csproj : warning NU1701: Package 'AForge 2.2.5' was restored using '.NETFramework,Version=v4.6.1, .NETFramework,Version=v4.6.2, .NETFramework,Version=v4.7, .NETFramework,Version=v4.7.1, .NETFramework,Version=v4.7.2, .NETFramework,Version=v4.8, .NETFramework,Version=v4.8.1' instead of the project target framework 'net9.0-windows7.0'. This package may not be fully compatible with your project.
C:\Users\blanc\CascadeProjects\DeskDefender\DeskDefender\DeskDefender.csproj : warning NU1701: Package 'AForge.Video 2.2.5' was restored using '.NETFramework,Version=v4.6.1, .NETFramework,Version=v4.6.2, .NETFramework,Version=v4.7, .NETFramework,Version=v4.7.1, .NETFramework,Version=v4.7.2, .NETFramework,Version=v4.8, .NETFramework,Version=v4.8.1' instead of the project target framework 'net9.0-windows7.0'. This package may not be fully compatible with your project.
C:\Users\blanc\CascadeProjects\DeskDefender\DeskDefender\DeskDefender.csproj : warning NU1701: Package 'AForge.Video.DirectShow 2.2.5' was restored using '.NETFramework,Version=v4.6.1, .NETFramework,Version=v4.6.2, .NETFramework,Version=v4.7, .NETFramework,Version=v4.7.1, .NETFramework,Version=v4.7.2, .NETFramework,Version=v4.8, .NETFramework,Version=v4.8.1' instead of the project target framework 'net9.0-windows7.0'. This package may not be fully compatible with your project.
C:\Users\blanc\CascadeProjects\DeskDefender\DeskDefender\DeskDefender_q2bgtqvy_wpftmp.csproj : warning NU1603: DeskDefender depends on OpenCvSharp4 (>= 4.10.0.20241020) but OpenCvSharp4 4.10.0.20241020 was not found. OpenCvSharp4 4.10.0.20241107 was resolved instead.
C:\Users\blanc\CascadeProjects\DeskDefender\DeskDefender\DeskDefender_q2bgtqvy_wpftmp.csproj : warning NU1603: DeskDefender depends on OpenCvSharp4.runtime.win (>= 4.10.0.20241020) but OpenCvSharp4.runtime.win 4.10.0.20241020 was not found. OpenCvSharp4.runtime.win 4.10.0.20241107 was resolved instead.
C:\Users\blanc\CascadeProjects\DeskDefender\DeskDefender\DeskDefender_q2bgtqvy_wpftmp.csproj : warning NU1701: Package 'AForge 2.2.5' was restored using '.NETFramework,Version=v4.6.1, .NETFramework,Version=v4.6.2, .NETFramework,Version=v4.7, .NETFramework,Version=v4.7.1, .NETFramework,Version=v4.7.2, .NETFramework,Version=v4.8, .NETFramework,Version=v4.8.1' instead of the project target framework 'net9.0-windows7.0'. This package may not be fully compatible with your project.
C:\Users\blanc\CascadeProjects\DeskDefender\DeskDefender\DeskDefender_q2bgtqvy_wpftmp.csproj : warning NU1701: Package 'AForge.Video 2.2.5' was restored using '.NETFramework,Version=v4.6.1, .NETFramework,Version=v4.6.2, .NETFramework,Version=v4.7, .NETFramework,Version=v4.7.1, .NETFramework,Version=v4.7.2, .NETFramework,Version=v4.8, .NETFramework,Version=v4.8.1' instead of the project target framework 'net9.0-windows7.0'. This package may not be fully compatible with your project.
C:\Users\blanc\CascadeProjects\DeskDefender\DeskDefender\DeskDefender_q2bgtqvy_wpftmp.csproj : warning NU1701: Package 'AForge.Video.DirectShow 2.2.5' was restored using '.NETFramework,Version=v4.6.1, .NETFramework,Version=v4.6.2, .NETFramework,Version=v4.7, .NETFramework,Version=v4.7.1, .NETFramework,Version=v4.7.2, .NETFramework,Version=v4.8, .NETFramework,Version=v4.8.1' instead of the project target framework 'net9.0-windows7.0'. This package may not be fully compatible with your project.
C:\Users\blanc\CascadeProjects\DeskDefender\DeskDefender\Controllers\SessionController.cs(51,50): warning CS8632: The annotation for nullable reference types should only be used in code within a '#nullable' annotations context. [C:\Users\blanc\CascadeProjects\DeskDefender\DeskDefender\DeskDefender_q2bgtqvy_wpftmp.csproj]
C:\Users\blanc\CascadeProjects\DeskDefender\DeskDefender\Controllers\EventDisplayController.cs(126,19): warning CS8632: The annotation for nullable reference types should only be used in code within a '#nullable' annotations context. [C:\Users\blanc\CascadeProjects\DeskDefender\DeskDefender\DeskDefender_q2bgtqvy_wpftmp.csproj]
C:\Users\blanc\CascadeProjects\DeskDefender\DeskDefender\Controllers\EventDisplayController.cs(127,19): warning CS8632: The annotation for nullable reference types should only be used in code within a '#nullable' annotations context. [C:\Users\blanc\CascadeProjects\DeskDefender\DeskDefender\DeskDefender_q2bgtqvy_wpftmp.csproj]
C:\Users\blanc\CascadeProjects\DeskDefender\DeskDefender\Interfaces\IBackgroundMonitoringService.cs(14,64): warning CS8632: The annotation for nullable reference types should only be used in code within a '#nullable' annotations context. [C:\Users\blanc\CascadeProjects\DeskDefender\DeskDefender\DeskDefender_q2bgtqvy_wpftmp.csproj]
C:\Users\blanc\CascadeProjects\DeskDefender\DeskDefender\Interfaces\IBackgroundMonitoringService.cs(67,22): warning CS8632: The annotation for nullable reference types should only be used in code within a '#nullable' annotations context. [C:\Users\blanc\CascadeProjects\DeskDefender\DeskDefender\DeskDefender_q2bgtqvy_wpftmp.csproj]
C:\Users\blanc\CascadeProjects\DeskDefender\DeskDefender\Services\BackgroundMonitoringService.cs(62,71): warning CS8632: The annotation for nullable reference types should only be used in code within a '#nullable' annotations context. [C:\Users\blanc\CascadeProjects\DeskDefender\DeskDefender\DeskDefender_q2bgtqvy_wpftmp.csproj]
C:\Users\blanc\CascadeProjects\DeskDefender\DeskDefender\Services\BackgroundMonitoringService.cs(272,50): warning CS8632: The annotation for nullable reference types should only be used in code within a '#nullable' annotations context. [C:\Users\blanc\CascadeProjects\DeskDefender\DeskDefender\DeskDefender_q2bgtqvy_wpftmp.csproj]
C:\Users\blanc\CascadeProjects\DeskDefender\DeskDefender\Services\CompositeMonitoringService.cs(121,40): warning CS8632: The annotation for nullable reference types should only be used in code within a '#nullable' annotations context. [C:\Users\blanc\CascadeProjects\DeskDefender\DeskDefender\DeskDefender_q2bgtqvy_wpftmp.csproj]
C:\Users\blanc\CascadeProjects\DeskDefender\DeskDefender\MainWindow.xaml.cs(1114,49): warning CS8632: The annotation for nullable reference types should only be used in code within a '#nullable' annotations context. [C:\Users\blanc\CascadeProjects\DeskDefender\DeskDefender\DeskDefender_q2bgtqvy_wpftmp.csproj]
C:\Users\blanc\CascadeProjects\DeskDefender\DeskDefender\Models\Events\EventLog.cs(23,22): warning CS8632: The annotation for nullable reference types should only be used in code within a '#nullable' annotations context. [C:\Users\blanc\CascadeProjects\DeskDefender\DeskDefender\DeskDefender_q2bgtqvy_wpftmp.csproj]
C:\Users\blanc\CascadeProjects\DeskDefender\DeskDefender\Models\Events\EventLog.cs(28,22): warning CS8632: The annotation for nullable reference types should only be used in code within a '#nullable' annotations context. [C:\Users\blanc\CascadeProjects\DeskDefender\DeskDefender\DeskDefender_q2bgtqvy_wpftmp.csproj]
C:\Users\blanc\CascadeProjects\DeskDefender\DeskDefender\Models\Events\EventLog.cs(38,22): warning CS8632: The annotation for nullable reference types should only be used in code within a '#nullable' annotations context. [C:\Users\blanc\CascadeProjects\DeskDefender\DeskDefender\DeskDefender_q2bgtqvy_wpftmp.csproj]
C:\Users\blanc\CascadeProjects\DeskDefender\DeskDefender\Models\Events\EventLog.cs(43,22): warning CS8632: The annotation for nullable reference types should only be used in code within a '#nullable' annotations context. [C:\Users\blanc\CascadeProjects\DeskDefender\DeskDefender\DeskDefender_q2bgtqvy_wpftmp.csproj]
C:\Users\blanc\CascadeProjects\DeskDefender\DeskDefender\Models\Events\EventLog.cs(58,22): warning CS8632: The annotation for nullable reference types should only be used in code within a '#nullable' annotations context. [C:\Users\blanc\CascadeProjects\DeskDefender\DeskDefender\DeskDefender_q2bgtqvy_wpftmp.csproj]
C:\Users\blanc\CascadeProjects\DeskDefender\DeskDefender\Models\Events\EventLog.cs(63,22): warning CS8632: The annotation for nullable reference types should only be used in code within a '#nullable' annotations context. [C:\Users\blanc\CascadeProjects\DeskDefender\DeskDefender\DeskDefender_q2bgtqvy_wpftmp.csproj]
C:\Users\blanc\CascadeProjects\DeskDefender\DeskDefender\Interfaces\ISessionMonitor.cs(54,22): warning CS8632: The annotation for nullable reference types should only be used in code within a '#nullable' annotations context. [C:\Users\blanc\CascadeProjects\DeskDefender\DeskDefender\DeskDefender_q2bgtqvy_wpftmp.csproj]
C:\Users\blanc\CascadeProjects\DeskDefender\DeskDefender\Services\CompositeMonitoringService.cs(40,73): warning CS8632: The annotation for nullable reference types should only be used in code within a '#nullable' annotations context. [C:\Users\blanc\CascadeProjects\DeskDefender\DeskDefender\DeskDefender_q2bgtqvy_wpftmp.csproj]
C:\Users\blanc\CascadeProjects\DeskDefender\DeskDefender\Interfaces\ITrayService.cs(13,27): warning CS8632: The annotation for nullable reference types should only be used in code within a '#nullable' annotations context. [C:\Users\blanc\CascadeProjects\DeskDefender\DeskDefender\DeskDefender_q2bgtqvy_wpftmp.csproj]
C:\Users\blanc\CascadeProjects\DeskDefender\DeskDefender\Interfaces\ITrayService.cs(18,27): warning CS8632: The annotation for nullable reference types should only be used in code within a '#nullable' annotations context. [C:\Users\blanc\CascadeProjects\DeskDefender\DeskDefender\DeskDefender_q2bgtqvy_wpftmp.csproj]
C:\Users\blanc\CascadeProjects\DeskDefender\DeskDefender\Interfaces\ITrayService.cs(23,27): warning CS8632: The annotation for nullable reference types should only be used in code within a '#nullable' annotations context. [C:\Users\blanc\CascadeProjects\DeskDefender\DeskDefender\DeskDefender_q2bgtqvy_wpftmp.csproj]
C:\Users\blanc\CascadeProjects\DeskDefender\DeskDefender\Services\CompositeMonitoringService.cs(43,38): warning CS8632: The annotation for nullable reference types should only be used in code within a '#nullable' annotations context. [C:\Users\blanc\CascadeProjects\DeskDefender\DeskDefender\DeskDefender_q2bgtqvy_wpftmp.csproj]
C:\Users\blanc\CascadeProjects\DeskDefender\DeskDefender\Utils\UIHelper.cs(130,77): warning CS8632: The annotation for nullable reference types should only be used in code within a '#nullable' annotations context. [C:\Users\blanc\CascadeProjects\DeskDefender\DeskDefender\DeskDefender_q2bgtqvy_wpftmp.csproj]
C:\Users\blanc\CascadeProjects\DeskDefender\DeskDefender\Utils\UIHelper.cs(142,60): warning CS8632: The annotation for nullable reference types should only be used in code within a '#nullable' annotations context. [C:\Users\blanc\CascadeProjects\DeskDefender\DeskDefender\DeskDefender_q2bgtqvy_wpftmp.csproj]
C:\Users\blanc\CascadeProjects\DeskDefender\DeskDefender\Utils\UIHelper.cs(142,29): warning CS8632: The annotation for nullable reference types should only be used in code within a '#nullable' annotations context. [C:\Users\blanc\CascadeProjects\DeskDefender\DeskDefender\DeskDefender_q2bgtqvy_wpftmp.csproj]
C:\Users\blanc\CascadeProjects\DeskDefender\DeskDefender\Services\DatabaseMaintenanceService.cs(283,22): warning CS8632: The annotation for nullable reference types should only be used in code within a '#nullable' annotations context. [C:\Users\blanc\CascadeProjects\DeskDefender\DeskDefender\DeskDefender_q2bgtqvy_wpftmp.csproj]
C:\Users\blanc\CascadeProjects\DeskDefender\DeskDefender\Services\DatabaseMaintenanceService.cs(284,34): warning CS8632: The annotation for nullable reference types should only be used in code within a '#nullable' annotations context. [C:\Users\blanc\CascadeProjects\DeskDefender\DeskDefender\DeskDefender_q2bgtqvy_wpftmp.csproj]
C:\Users\blanc\CascadeProjects\DeskDefender\DeskDefender\Services\DatabaseMaintenanceService.cs(285,34): warning CS8632: The annotation for nullable reference types should only be used in code within a '#nullable' annotations context. [C:\Users\blanc\CascadeProjects\DeskDefender\DeskDefender\DeskDefender_q2bgtqvy_wpftmp.csproj]
C:\Users\blanc\CascadeProjects\DeskDefender\DeskDefender\Services\EventBatchingService.cs(34,48): warning CS8632: The annotation for nullable reference types should only be used in code within a '#nullable' annotations context. [C:\Users\blanc\CascadeProjects\DeskDefender\DeskDefender\DeskDefender_q2bgtqvy_wpftmp.csproj]
C:\Users\blanc\CascadeProjects\DeskDefender\DeskDefender\Services\EventBatchingService.cs(141,44): warning CS8632: The annotation for nullable reference types should only be used in code within a '#nullable' annotations context. [C:\Users\blanc\CascadeProjects\DeskDefender\DeskDefender\DeskDefender_q2bgtqvy_wpftmp.csproj]
C:\Users\blanc\CascadeProjects\DeskDefender\DeskDefender\Services\EventCoordinatorService.cs(87,49): warning CS8632: The annotation for nullable reference types should only be used in code within a '#nullable' annotations context. [C:\Users\blanc\CascadeProjects\DeskDefender\DeskDefender\DeskDefender_q2bgtqvy_wpftmp.csproj]
C:\Users\blanc\CascadeProjects\DeskDefender\DeskDefender\Services\IPC\IServiceInputMonitor.cs(14,54): warning CS8632: The annotation for nullable reference types should only be used in code within a '#nullable' annotations context. [C:\Users\blanc\CascadeProjects\DeskDefender\DeskDefender\DeskDefender_q2bgtqvy_wpftmp.csproj]
C:\Users\blanc\CascadeProjects\DeskDefender\DeskDefender\Models\Events\EventSummary.cs(34,31): warning CS8632: The annotation for nullable reference types should only be used in code within a '#nullable' annotations context. [C:\Users\blanc\CascadeProjects\DeskDefender\DeskDefender\DeskDefender_q2bgtqvy_wpftmp.csproj]
C:\Users\blanc\CascadeProjects\DeskDefender\DeskDefender\Models\Events\EventSummary.cs(39,28): warning CS8632: The annotation for nullable reference types should only be used in code within a '#nullable' annotations context. [C:\Users\blanc\CascadeProjects\DeskDefender\DeskDefender\DeskDefender_q2bgtqvy_wpftmp.csproj]
C:\Users\blanc\CascadeProjects\DeskDefender\DeskDefender\Services\IPC\IServiceInputMonitor.cs(31,30): warning CS8632: The annotation for nullable reference types should only be used in code within a '#nullable' annotations context. [C:\Users\blanc\CascadeProjects\DeskDefender\DeskDefender\DeskDefender_q2bgtqvy_wpftmp.csproj]
C:\Users\blanc\CascadeProjects\DeskDefender\DeskDefender\Services\IPC\IServiceInputMonitor.cs(37,30): warning CS8632: The annotation for nullable reference types should only be used in code within a '#nullable' annotations context. [C:\Users\blanc\CascadeProjects\DeskDefender\DeskDefender\DeskDefender_q2bgtqvy_wpftmp.csproj]
C:\Users\blanc\CascadeProjects\DeskDefender\DeskDefender\Services\IPC\IServiceInputMonitor.cs(53,11): warning CS8632: The annotation for nullable reference types should only be used in code within a '#nullable' annotations context. [C:\Users\blanc\CascadeProjects\DeskDefender\DeskDefender\DeskDefender_q2bgtqvy_wpftmp.csproj]
C:\Users\blanc\CascadeProjects\DeskDefender\DeskDefender\Services\NoOpTrayService.cs(16,34): warning CS8632: The annotation for nullable reference types should only be used in code within a '#nullable' annotations context. [C:\Users\blanc\CascadeProjects\DeskDefender\DeskDefender\DeskDefender_q2bgtqvy_wpftmp.csproj]
C:\Users\blanc\CascadeProjects\DeskDefender\DeskDefender\Services\NoOpTrayService.cs(17,34): warning CS8632: The annotation for nullable reference types should only be used in code within a '#nullable' annotations context. [C:\Users\blanc\CascadeProjects\DeskDefender\DeskDefender\DeskDefender_q2bgtqvy_wpftmp.csproj]
C:\Users\blanc\CascadeProjects\DeskDefender\DeskDefender\Services\NoOpTrayService.cs(18,34): warning CS8632: The annotation for nullable reference types should only be used in code within a '#nullable' annotations context. [C:\Users\blanc\CascadeProjects\DeskDefender\DeskDefender\DeskDefender_q2bgtqvy_wpftmp.csproj]
C:\Users\blanc\CascadeProjects\DeskDefender\DeskDefender\Models\Events\InputEvent.cs(55,42): warning CS8632: The annotation for nullable reference types should only be used in code within a '#nullable' annotations context. [C:\Users\blanc\CascadeProjects\DeskDefender\DeskDefender\DeskDefender_q2bgtqvy_wpftmp.csproj]
C:\Users\blanc\CascadeProjects\DeskDefender\DeskDefender\Models\Events\LoginEvent.cs(34,22): warning CS8632: The annotation for nullable reference types should only be used in code within a '#nullable' annotations context. [C:\Users\blanc\CascadeProjects\DeskDefender\DeskDefender\DeskDefender_q2bgtqvy_wpftmp.csproj]
C:\Users\blanc\CascadeProjects\DeskDefender\DeskDefender\Models\Events\LoginEvent.cs(49,22): warning CS8632: The annotation for nullable reference types should only be used in code within a '#nullable' annotations context. [C:\Users\blanc\CascadeProjects\DeskDefender\DeskDefender\DeskDefender_q2bgtqvy_wpftmp.csproj]
C:\Users\blanc\CascadeProjects\DeskDefender\DeskDefender\Services\IPC\ServiceBasedSecureInputMonitor.cs(25,42): warning CS8632: The annotation for nullable reference types should only be used in code within a '#nullable' annotations context. [C:\Users\blanc\CascadeProjects\DeskDefender\DeskDefender\DeskDefender_q2bgtqvy_wpftmp.csproj]
C:\Users\blanc\CascadeProjects\DeskDefender\DeskDefender\Services\IPC\ServiceBasedSecureInputMonitor.cs(28,36): warning CS8632: The annotation for nullable reference types should only be used in code within a '#nullable' annotations context. [C:\Users\blanc\CascadeProjects\DeskDefender\DeskDefender\DeskDefender_q2bgtqvy_wpftmp.csproj]
C:\Users\blanc\CascadeProjects\DeskDefender\DeskDefender\Services\IPC\ServiceBasedSecureInputMonitor.cs(193,52): warning CS8632: The annotation for nullable reference types should only be used in code within a '#nullable' annotations context. [C:\Users\blanc\CascadeProjects\DeskDefender\DeskDefender\DeskDefender_q2bgtqvy_wpftmp.csproj]
C:\Users\blanc\CascadeProjects\DeskDefender\DeskDefender\Services\IPC\ServiceInputMonitor.cs(429,18): warning CS8632: The annotation for nullable reference types should only be used in code within a '#nullable' annotations context. [C:\Users\blanc\CascadeProjects\DeskDefender\DeskDefender\DeskDefender_q2bgtqvy_wpftmp.csproj]
C:\Users\blanc\CascadeProjects\DeskDefender\DeskDefender\Services\IPC\ServiceInputMonitor.cs(22,61): warning CS8632: The annotation for nullable reference types should only be used in code within a '#nullable' annotations context. [C:\Users\blanc\CascadeProjects\DeskDefender\DeskDefender\DeskDefender_q2bgtqvy_wpftmp.csproj]
C:\Users\blanc\CascadeProjects\DeskDefender\DeskDefender\Services\IPC\ServiceBasedSecureInputMonitor.cs(221,55): warning CS8632: The annotation for nullable reference types should only be used in code within a '#nullable' annotations context. [C:\Users\blanc\CascadeProjects\DeskDefender\DeskDefender\DeskDefender_q2bgtqvy_wpftmp.csproj]
C:\Users\blanc\CascadeProjects\DeskDefender\DeskDefender\Services\IPC\ServiceInputMonitor.cs(103,43): warning CS8632: The annotation for nullable reference types should only be used in code within a '#nullable' annotations context. [C:\Users\blanc\CascadeProjects\DeskDefender\DeskDefender\DeskDefender_q2bgtqvy_wpftmp.csproj]
C:\Users\blanc\CascadeProjects\DeskDefender\DeskDefender\Services\IPC\ServiceInputMonitor.cs(108,43): warning CS8632: The annotation for nullable reference types should only be used in code within a '#nullable' annotations context. [C:\Users\blanc\CascadeProjects\DeskDefender\DeskDefender\DeskDefender_q2bgtqvy_wpftmp.csproj]
C:\Users\blanc\CascadeProjects\DeskDefender\DeskDefender\Services\IPC\ServiceInputMonitor.cs(442,18): warning CS8632: The annotation for nullable reference types should only be used in code within a '#nullable' annotations context. [C:\Users\blanc\CascadeProjects\DeskDefender\DeskDefender\DeskDefender_q2bgtqvy_wpftmp.csproj]
C:\Users\blanc\CascadeProjects\DeskDefender\DeskDefender\Services\IPC\ServiceInputMonitor.cs(139,90): warning CS8632: The annotation for nullable reference types should only be used in code within a '#nullable' annotations context. [C:\Users\blanc\CascadeProjects\DeskDefender\DeskDefender\DeskDefender_q2bgtqvy_wpftmp.csproj]
C:\Users\blanc\CascadeProjects\DeskDefender\DeskDefender\Services\IPC\ServiceInputMonitor.cs(139,25): warning CS8632: The annotation for nullable reference types should only be used in code within a '#nullable' annotations context. [C:\Users\blanc\CascadeProjects\DeskDefender\DeskDefender\DeskDefender_q2bgtqvy_wpftmp.csproj]
C:\Users\blanc\CascadeProjects\DeskDefender\DeskDefender\Services\IPC\ServiceInputMonitor.cs(260,30): warning CS8632: The annotation for nullable reference types should only be used in code within a '#nullable' annotations context. [C:\Users\blanc\CascadeProjects\DeskDefender\DeskDefender\DeskDefender_q2bgtqvy_wpftmp.csproj]
C:\Users\blanc\CascadeProjects\DeskDefender\DeskDefender\Services\IPC\ServiceInputMonitor.cs(24,18): warning CS8632: The annotation for nullable reference types should only be used in code within a '#nullable' annotations context. [C:\Users\blanc\CascadeProjects\DeskDefender\DeskDefender\DeskDefender_q2bgtqvy_wpftmp.csproj]
C:\Users\blanc\CascadeProjects\DeskDefender\DeskDefender\Services\WindowsLoginMonitor.cs(73,46): warning CS8632: The annotation for nullable reference types should only be used in code within a '#nullable' annotations context. [C:\Users\blanc\CascadeProjects\DeskDefender\DeskDefender\DeskDefender_q2bgtqvy_wpftmp.csproj]
C:\Users\blanc\CascadeProjects\DeskDefender\DeskDefender\Services\WorkingTrayService.cs(24,34): warning CS8632: The annotation for nullable reference types should only be used in code within a '#nullable' annotations context. [C:\Users\blanc\CascadeProjects\DeskDefender\DeskDefender\DeskDefender_q2bgtqvy_wpftmp.csproj]
C:\Users\blanc\CascadeProjects\DeskDefender\DeskDefender\Services\WorkingTrayService.cs(25,34): warning CS8632: The annotation for nullable reference types should only be used in code within a '#nullable' annotations context. [C:\Users\blanc\CascadeProjects\DeskDefender\DeskDefender\DeskDefender_q2bgtqvy_wpftmp.csproj]
C:\Users\blanc\CascadeProjects\DeskDefender\DeskDefender\Services\WorkingTrayService.cs(26,34): warning CS8632: The annotation for nullable reference types should only be used in code within a '#nullable' annotations context. [C:\Users\blanc\CascadeProjects\DeskDefender\DeskDefender\DeskDefender_q2bgtqvy_wpftmp.csproj]
C:\Users\blanc\CascadeProjects\DeskDefender\DeskDefender\Services\IPC\ServiceBasedSecureInputMonitor.cs(20,35): warning CS8632: The annotation for nullable reference types should only be used in code within a '#nullable' annotations context. [C:\Users\blanc\CascadeProjects\DeskDefender\DeskDefender\DeskDefender_q2bgtqvy_wpftmp.csproj]
C:\Users\blanc\CascadeProjects\DeskDefender\DeskDefender\Services\WindowsLoginMonitor.cs(259,27): warning CS8632: The annotation for nullable reference types should only be used in code within a '#nullable' annotations context. [C:\Users\blanc\CascadeProjects\DeskDefender\DeskDefender\DeskDefender_q2bgtqvy_wpftmp.csproj]
C:\Users\blanc\CascadeProjects\DeskDefender\DeskDefender\Services\WindowsLoginMonitor.cs(449,23): warning CS8632: The annotation for nullable reference types should only be used in code within a '#nullable' annotations context. [C:\Users\blanc\CascadeProjects\DeskDefender\DeskDefender\DeskDefender_q2bgtqvy_wpftmp.csproj]
C:\Users\blanc\CascadeProjects\DeskDefender\DeskDefender\Services\WindowsSessionMonitor.cs(47,64): warning CS8632: The annotation for nullable reference types should only be used in code within a '#nullable' annotations context. [C:\Users\blanc\CascadeProjects\DeskDefender\DeskDefender\DeskDefender_q2bgtqvy_wpftmp.csproj]
C:\Users\blanc\CascadeProjects\DeskDefender\DeskDefender\Services\WorkingTrayService.cs(201,44): warning CS8632: The annotation for nullable reference types should only be used in code within a '#nullable' annotations context. [C:\Users\blanc\CascadeProjects\DeskDefender\DeskDefender\DeskDefender_q2bgtqvy_wpftmp.csproj]
C:\Users\blanc\CascadeProjects\DeskDefender\DeskDefender\Services\IPC\ServiceInputMonitor.cs(17,34): warning CS8632: The annotation for nullable reference types should only be used in code within a '#nullable' annotations context. [C:\Users\blanc\CascadeProjects\DeskDefender\DeskDefender\DeskDefender_q2bgtqvy_wpftmp.csproj]
C:\Users\blanc\CascadeProjects\DeskDefender\DeskDefender\Services\WindowsLoginMonitor.cs(22,44): warning CS8632: The annotation for nullable reference types should only be used in code within a '#nullable' annotations context. [C:\Users\blanc\CascadeProjects\DeskDefender\DeskDefender\DeskDefender_q2bgtqvy_wpftmp.csproj]
C:\Users\blanc\CascadeProjects\DeskDefender\DeskDefender\Services\WorkingTrayService.cs(16,48): warning CS8632: The annotation for nullable reference types should only be used in code within a '#nullable' annotations context. [C:\Users\blanc\CascadeProjects\DeskDefender\DeskDefender\DeskDefender_q2bgtqvy_wpftmp.csproj]
C:\Users\blanc\CascadeProjects\DeskDefender\DeskDefender\Services\WorkingTrayService.cs(17,54): warning CS8632: The annotation for nullable reference types should only be used in code within a '#nullable' annotations context. [C:\Users\blanc\CascadeProjects\DeskDefender\DeskDefender\DeskDefender_q2bgtqvy_wpftmp.csproj]
C:\Users\blanc\CascadeProjects\DeskDefender\DeskDefender\Services\WorkingTrayService.cs(18,55): warning CS8632: The annotation for nullable reference types should only be used in code within a '#nullable' annotations context. [C:\Users\blanc\CascadeProjects\DeskDefender\DeskDefender\DeskDefender_q2bgtqvy_wpftmp.csproj]
C:\Users\blanc\CascadeProjects\DeskDefender\DeskDefender\Services\WorkingTrayService.cs(19,55): warning CS8632: The annotation for nullable reference types should only be used in code within a '#nullable' annotations context. [C:\Users\blanc\CascadeProjects\DeskDefender\DeskDefender\DeskDefender_q2bgtqvy_wpftmp.csproj]
C:\Users\blanc\CascadeProjects\DeskDefender\DeskDefender\Services\WorkingTrayService.cs(20,55): warning CS8632: The annotation for nullable reference types should only be used in code within a '#nullable' annotations context. [C:\Users\blanc\CascadeProjects\DeskDefender\DeskDefender\DeskDefender_q2bgtqvy_wpftmp.csproj]
C:\Users\blanc\CascadeProjects\DeskDefender\DeskDefender\MainWindow.xaml.cs(368,51): warning CS8632: The annotation for nullable reference types should only be used in code within a '#nullable' annotations context. [C:\Users\blanc\CascadeProjects\DeskDefender\DeskDefender\DeskDefender_q2bgtqvy_wpftmp.csproj]
C:\Users\blanc\CascadeProjects\DeskDefender\DeskDefender\MainWindow.xaml.cs(878,49): warning CS8632: The annotation for nullable reference types should only be used in code within a '#nullable' annotations context. [C:\Users\blanc\CascadeProjects\DeskDefender\DeskDefender\DeskDefender_q2bgtqvy_wpftmp.csproj]
C:\Users\blanc\CascadeProjects\DeskDefender\DeskDefender\MainWindow.xaml.cs(896,50): warning CS8632: The annotation for nullable reference types should only be used in code within a '#nullable' annotations context. [C:\Users\blanc\CascadeProjects\DeskDefender\DeskDefender\DeskDefender_q2bgtqvy_wpftmp.csproj]
C:\Users\blanc\CascadeProjects\DeskDefender\DeskDefender\MainWindow.xaml.cs(912,51): warning CS8632: The annotation for nullable reference types should only be used in code within a '#nullable' annotations context. [C:\Users\blanc\CascadeProjects\DeskDefender\DeskDefender\DeskDefender_q2bgtqvy_wpftmp.csproj]
C:\Users\blanc\CascadeProjects\DeskDefender\DeskDefender\MainWindow.xaml.cs(928,50): warning CS8632: The annotation for nullable reference types should only be used in code within a '#nullable' annotations context. [C:\Users\blanc\CascadeProjects\DeskDefender\DeskDefender\DeskDefender_q2bgtqvy_wpftmp.csproj]
C:\Users\blanc\CascadeProjects\DeskDefender\DeskDefender\MainWindow.xaml.cs(962,64): warning CS8632: The annotation for nullable reference types should only be used in code within a '#nullable' annotations context. [C:\Users\blanc\CascadeProjects\DeskDefender\DeskDefender\DeskDefender_q2bgtqvy_wpftmp.csproj]
C:\Users\blanc\CascadeProjects\DeskDefender\DeskDefender\MainWindow.xaml.cs(990,49): warning CS8632: The annotation for nullable reference types should only be used in code within a '#nullable' annotations context. [C:\Users\blanc\CascadeProjects\DeskDefender\DeskDefender\DeskDefender_q2bgtqvy_wpftmp.csproj]
C:\Users\blanc\CascadeProjects\DeskDefender\DeskDefender\MainWindow.xaml.cs(1010,44): warning CS8632: The annotation for nullable reference types should only be used in code within a '#nullable' annotations context. [C:\Users\blanc\CascadeProjects\DeskDefender\DeskDefender\DeskDefender_q2bgtqvy_wpftmp.csproj]
C:\Users\blanc\CascadeProjects\DeskDefender\DeskDefender\MainWindow.xaml.cs(49,23): warning CS8632: The annotation for nullable reference types should only be used in code within a '#nullable' annotations context. [C:\Users\blanc\CascadeProjects\DeskDefender\DeskDefender\DeskDefender_q2bgtqvy_wpftmp.csproj]
C:\Users\blanc\CascadeProjects\DeskDefender\DeskDefender\MainWindow.xaml.cs(50,32): warning CS8632: The annotation for nullable reference types should only be used in code within a '#nullable' annotations context. [C:\Users\blanc\CascadeProjects\DeskDefender\DeskDefender\DeskDefender_q2bgtqvy_wpftmp.csproj]
C:\Users\blanc\CascadeProjects\DeskDefender\DeskDefender\MainWindow.xaml.cs(259,28): warning CS1998: This async method lacks 'await' operators and will run synchronously. Consider using the 'await' operator to await non-blocking API calls, or 'await Task.Run(...)' to do CPU-bound work on a background thread. [C:\Users\blanc\CascadeProjects\DeskDefender\DeskDefender\DeskDefender_q2bgtqvy_wpftmp.csproj]
C:\Users\blanc\CascadeProjects\DeskDefender\DeskDefender\MainWindow.xaml.cs(264,28): warning CS1998: This async method lacks 'await' operators and will run synchronously. Consider using the 'await' operator to await non-blocking API calls, or 'await Task.Run(...)' to do CPU-bound work on a background thread. [C:\Users\blanc\CascadeProjects\DeskDefender\DeskDefender\DeskDefender_q2bgtqvy_wpftmp.csproj]
C:\Users\blanc\CascadeProjects\DeskDefender\DeskDefender\Services\CompositeMonitoringService.cs(880,28): warning CS1998: This async method lacks 'await' operators and will run synchronously. Consider using the 'await' operator to await non-blocking API calls, or 'await Task.Run(...)' to do CPU-bound work on a background thread. [C:\Users\blanc\CascadeProjects\DeskDefender\DeskDefender\DeskDefender_q2bgtqvy_wpftmp.csproj]
C:\Users\blanc\CascadeProjects\DeskDefender\DeskDefender\Services\IPC\ServiceInputMonitor.cs(76,23): warning CS1998: This async method lacks 'await' operators and will run synchronously. Consider using the 'await' operator to await non-blocking API calls, or 'await Task.Run(...)' to do CPU-bound work on a background thread. [C:\Users\blanc\CascadeProjects\DeskDefender\DeskDefender\DeskDefender_q2bgtqvy_wpftmp.csproj]
C:\Users\blanc\CascadeProjects\DeskDefender\DeskDefender\Services\StealthCaptureService.cs(74,37): error CS0104: 'Timer' is an ambiguous reference between 'System.Windows.Forms.Timer' and 'System.Threading.Timer' [C:\Users\blanc\CascadeProjects\DeskDefender\DeskDefender\DeskDefender_q2bgtqvy_wpftmp.csproj]
C:\Users\blanc\CascadeProjects\DeskDefender\DeskDefender\Services\IPC\ServiceInputMonitor.cs(203,26): warning CS8632: The annotation for nullable reference types should only be used in code within a '#nullable' annotations context. [C:\Users\blanc\CascadeProjects\DeskDefender\DeskDefender\DeskDefender_q2bgtqvy_wpftmp.csproj]
C:\Users\blanc\CascadeProjects\DeskDefender\DeskDefender\Services\OpenCvCameraService.cs(508,28): warning CS1998: This async method lacks 'await' operators and will run synchronously. Consider using the 'await' operator to await non-blocking API calls, or 'await Task.Run(...)' to do CPU-bound work on a background thread. [C:\Users\blanc\CascadeProjects\DeskDefender\DeskDefender\DeskDefender_q2bgtqvy_wpftmp.csproj]
C:\Users\blanc\CascadeProjects\DeskDefender\DeskDefender\Services\IPC\ServiceInputMonitor.cs(344,49): warning CS8632: The annotation for nullable reference types should only be used in code within a '#nullable' annotations context. [C:\Users\blanc\CascadeProjects\DeskDefender\DeskDefender\DeskDefender_q2bgtqvy_wpftmp.csproj]
C:\Users\blanc\CascadeProjects\DeskDefender\DeskDefender\Services\NoOpTrayService.cs(17,36): warning CS0067: The event 'NoOpTrayService.ExitApplication' is never used [C:\Users\blanc\CascadeProjects\DeskDefender\DeskDefender\DeskDefender_q2bgtqvy_wpftmp.csproj]
C:\Users\blanc\CascadeProjects\DeskDefender\DeskDefender\Services\NoOpTrayService.cs(16,36): warning CS0067: The event 'NoOpTrayService.ShowMainWindow' is never used [C:\Users\blanc\CascadeProjects\DeskDefender\DeskDefender\DeskDefender_q2bgtqvy_wpftmp.csproj]
C:\Users\blanc\CascadeProjects\DeskDefender\DeskDefender\Services\NoOpTrayService.cs(18,36): warning CS0067: The event 'NoOpTrayService.ToggleMonitoring' is never used [C:\Users\blanc\CascadeProjects\DeskDefender\DeskDefender\DeskDefender_q2bgtqvy_wpftmp.csproj]

Build FAILED.

C:\Users\blanc\CascadeProjects\DeskDefender\DeskDefender\DeskDefender.csproj : warning NU1603: DeskDefender depends on OpenCvSharp4 (>= 4.10.0.20241020) but OpenCvSharp4 4.10.0.20241020 was not found. OpenCvSharp4 4.10.0.20241107 was resolved instead.
C:\Users\blanc\CascadeProjects\DeskDefender\DeskDefender\DeskDefender.csproj : warning NU1603: DeskDefender depends on OpenCvSharp4.runtime.win (>= 4.10.0.20241020) but OpenCvSharp4.runtime.win 4.10.0.20241020 was not found. OpenCvSharp4.runtime.win 4.10.0.20241107 was resolved instead.
C:\Users\blanc\CascadeProjects\DeskDefender\DeskDefender\DeskDefender.csproj : warning NU1701: Package 'AForge 2.2.5' was restored using '.NETFramework,Version=v4.6.1, .NETFramework,Version=v4.6.2, .NETFramework,Version=v4.7, .NETFramework,Version=v4.7.1, .NETFramework,Version=v4.7.2, .NETFramework,Version=v4.8, .NETFramework,Version=v4.8.1' instead of the project target framework 'net9.0-windows7.0'. This package may not be fully compatible with your project.
C:\Users\blanc\CascadeProjects\DeskDefender\DeskDefender\DeskDefender.csproj : warning NU1701: Package 'AForge.Video 2.2.5' was restored using '.NETFramework,Version=v4.6.1, .NETFramework,Version=v4.6.2, .NETFramework,Version=v4.7, .NETFramework,Version=v4.7.1, .NETFramework,Version=v4.7.2, .NETFramework,Version=v4.8, .NETFramework,Version=v4.8.1' instead of the project target framework 'net9.0-windows7.0'. This package may not be fully compatible with your project.
C:\Users\blanc\CascadeProjects\DeskDefender\DeskDefender\DeskDefender.csproj : warning NU1701: Package 'AForge.Video.DirectShow 2.2.5' was restored using '.NETFramework,Version=v4.6.1, .NETFramework,Version=v4.6.2, .NETFramework,Version=v4.7, .NETFramework,Version=v4.7.1, .NETFramework,Version=v4.7.2, .NETFramework,Version=v4.8, .NETFramework,Version=v4.8.1' instead of the project target framework 'net9.0-windows7.0'. This package may not be fully compatible with your project.
C:\Users\blanc\CascadeProjects\DeskDefender\DeskDefender\DeskDefender_q2bgtqvy_wpftmp.csproj : warning NU1603: DeskDefender depends on OpenCvSharp4 (>= 4.10.0.20241020) but OpenCvSharp4 4.10.0.20241020 was not found. OpenCvSharp4 4.10.0.20241107 was resolved instead.
C:\Users\blanc\CascadeProjects\DeskDefender\DeskDefender\DeskDefender_q2bgtqvy_wpftmp.csproj : warning NU1603: DeskDefender depends on OpenCvSharp4.runtime.win (>= 4.10.0.20241020) but OpenCvSharp4.runtime.win 4.10.0.20241020 was not found. OpenCvSharp4.runtime.win 4.10.0.20241107 was resolved instead.
C:\Users\blanc\CascadeProjects\DeskDefender\DeskDefender\DeskDefender_q2bgtqvy_wpftmp.csproj : warning NU1701: Package 'AForge 2.2.5' was restored using '.NETFramework,Version=v4.6.1, .NETFramework,Version=v4.6.2, .NETFramework,Version=v4.7, .NETFramework,Version=v4.7.1, .NETFramework,Version=v4.7.2, .NETFramework,Version=v4.8, .NETFramework,Version=v4.8.1' instead of the project target framework 'net9.0-windows7.0'. This package may not be fully compatible with your project.
C:\Users\blanc\CascadeProjects\DeskDefender\DeskDefender\DeskDefender_q2bgtqvy_wpftmp.csproj : warning NU1701: Package 'AForge.Video 2.2.5' was restored using '.NETFramework,Version=v4.6.1, .NETFramework,Version=v4.6.2, .NETFramework,Version=v4.7, .NETFramework,Version=v4.7.1, .NETFramework,Version=v4.7.2, .NETFramework,Version=v4.8, .NETFramework,Version=v4.8.1' instead of the project target framework 'net9.0-windows7.0'. This package may not be fully compatible with your project.
C:\Users\blanc\CascadeProjects\DeskDefender\DeskDefender\DeskDefender_q2bgtqvy_wpftmp.csproj : warning NU1701: Package 'AForge.Video.DirectShow 2.2.5' was restored using '.NETFramework,Version=v4.6.1, .NETFramework,Version=v4.6.2, .NETFramework,Version=v4.7, .NETFramework,Version=v4.7.1, .NETFramework,Version=v4.7.2, .NETFramework,Version=v4.8, .NETFramework,Version=v4.8.1' instead of the project target framework 'net9.0-windows7.0'. This package may not be fully compatible with your project.
C:\Users\blanc\CascadeProjects\DeskDefender\DeskDefender\Controllers\SessionController.cs(51,50): warning CS8632: The annotation for nullable reference types should only be used in code within a '#nullable' annotations context. [C:\Users\blanc\CascadeProjects\DeskDefender\DeskDefender\DeskDefender_q2bgtqvy_wpftmp.csproj]
C:\Users\blanc\CascadeProjects\DeskDefender\DeskDefender\Controllers\EventDisplayController.cs(126,19): warning CS8632: The annotation for nullable reference types should only be used in code within a '#nullable' annotations context. [C:\Users\blanc\CascadeProjects\DeskDefender\DeskDefender\DeskDefender_q2bgtqvy_wpftmp.csproj]
C:\Users\blanc\CascadeProjects\DeskDefender\DeskDefender\Controllers\EventDisplayController.cs(127,19): warning CS8632: The annotation for nullable reference types should only be used in code within a '#nullable' annotations context. [C:\Users\blanc\CascadeProjects\DeskDefender\DeskDefender\DeskDefender_q2bgtqvy_wpftmp.csproj]
C:\Users\blanc\CascadeProjects\DeskDefender\DeskDefender\Interfaces\IBackgroundMonitoringService.cs(14,64): warning CS8632: The annotation for nullable reference types should only be used in code within a '#nullable' annotations context. [C:\Users\blanc\CascadeProjects\DeskDefender\DeskDefender\DeskDefender_q2bgtqvy_wpftmp.csproj]
C:\Users\blanc\CascadeProjects\DeskDefender\DeskDefender\Interfaces\IBackgroundMonitoringService.cs(67,22): warning CS8632: The annotation for nullable reference types should only be used in code within a '#nullable' annotations context. [C:\Users\blanc\CascadeProjects\DeskDefender\DeskDefender\DeskDefender_q2bgtqvy_wpftmp.csproj]
C:\Users\blanc\CascadeProjects\DeskDefender\DeskDefender\Services\BackgroundMonitoringService.cs(62,71): warning CS8632: The annotation for nullable reference types should only be used in code within a '#nullable' annotations context. [C:\Users\blanc\CascadeProjects\DeskDefender\DeskDefender\DeskDefender_q2bgtqvy_wpftmp.csproj]
C:\Users\blanc\CascadeProjects\DeskDefender\DeskDefender\Services\BackgroundMonitoringService.cs(272,50): warning CS8632: The annotation for nullable reference types should only be used in code within a '#nullable' annotations context. [C:\Users\blanc\CascadeProjects\DeskDefender\DeskDefender\DeskDefender_q2bgtqvy_wpftmp.csproj]
C:\Users\blanc\CascadeProjects\DeskDefender\DeskDefender\Services\CompositeMonitoringService.cs(121,40): warning CS8632: The annotation for nullable reference types should only be used in code within a '#nullable' annotations context. [C:\Users\blanc\CascadeProjects\DeskDefender\DeskDefender\DeskDefender_q2bgtqvy_wpftmp.csproj]
C:\Users\blanc\CascadeProjects\DeskDefender\DeskDefender\MainWindow.xaml.cs(1114,49): warning CS8632: The annotation for nullable reference types should only be used in code within a '#nullable' annotations context. [C:\Users\blanc\CascadeProjects\DeskDefender\DeskDefender\DeskDefender_q2bgtqvy_wpftmp.csproj]
C:\Users\blanc\CascadeProjects\DeskDefender\DeskDefender\Models\Events\EventLog.cs(23,22): warning CS8632: The annotation for nullable reference types should only be used in code within a '#nullable' annotations context. [C:\Users\blanc\CascadeProjects\DeskDefender\DeskDefender\DeskDefender_q2bgtqvy_wpftmp.csproj]
C:\Users\blanc\CascadeProjects\DeskDefender\DeskDefender\Models\Events\EventLog.cs(28,22): warning CS8632: The annotation for nullable reference types should only be used in code within a '#nullable' annotations context. [C:\Users\blanc\CascadeProjects\DeskDefender\DeskDefender\DeskDefender_q2bgtqvy_wpftmp.csproj]
C:\Users\blanc\CascadeProjects\DeskDefender\DeskDefender\Models\Events\EventLog.cs(38,22): warning CS8632: The annotation for nullable reference types should only be used in code within a '#nullable' annotations context. [C:\Users\blanc\CascadeProjects\DeskDefender\DeskDefender\DeskDefender_q2bgtqvy_wpftmp.csproj]
C:\Users\blanc\CascadeProjects\DeskDefender\DeskDefender\Models\Events\EventLog.cs(43,22): warning CS8632: The annotation for nullable reference types should only be used in code within a '#nullable' annotations context. [C:\Users\blanc\CascadeProjects\DeskDefender\DeskDefender\DeskDefender_q2bgtqvy_wpftmp.csproj]
C:\Users\blanc\CascadeProjects\DeskDefender\DeskDefender\Models\Events\EventLog.cs(58,22): warning CS8632: The annotation for nullable reference types should only be used in code within a '#nullable' annotations context. [C:\Users\blanc\CascadeProjects\DeskDefender\DeskDefender\DeskDefender_q2bgtqvy_wpftmp.csproj]
C:\Users\blanc\CascadeProjects\DeskDefender\DeskDefender\Models\Events\EventLog.cs(63,22): warning CS8632: The annotation for nullable reference types should only be used in code within a '#nullable' annotations context. [C:\Users\blanc\CascadeProjects\DeskDefender\DeskDefender\DeskDefender_q2bgtqvy_wpftmp.csproj]
C:\Users\blanc\CascadeProjects\DeskDefender\DeskDefender\Interfaces\ISessionMonitor.cs(54,22): warning CS8632: The annotation for nullable reference types should only be used in code within a '#nullable' annotations context. [C:\Users\blanc\CascadeProjects\DeskDefender\DeskDefender\DeskDefender_q2bgtqvy_wpftmp.csproj]
C:\Users\blanc\CascadeProjects\DeskDefender\DeskDefender\Services\CompositeMonitoringService.cs(40,73): warning CS8632: The annotation for nullable reference types should only be used in code within a '#nullable' annotations context. [C:\Users\blanc\CascadeProjects\DeskDefender\DeskDefender\DeskDefender_q2bgtqvy_wpftmp.csproj]
C:\Users\blanc\CascadeProjects\DeskDefender\DeskDefender\Interfaces\ITrayService.cs(13,27): warning CS8632: The annotation for nullable reference types should only be used in code within a '#nullable' annotations context. [C:\Users\blanc\CascadeProjects\DeskDefender\DeskDefender\DeskDefender_q2bgtqvy_wpftmp.csproj]
C:\Users\blanc\CascadeProjects\DeskDefender\DeskDefender\Interfaces\ITrayService.cs(18,27): warning CS8632: The annotation for nullable reference types should only be used in code within a '#nullable' annotations context. [C:\Users\blanc\CascadeProjects\DeskDefender\DeskDefender\DeskDefender_q2bgtqvy_wpftmp.csproj]
C:\Users\blanc\CascadeProjects\DeskDefender\DeskDefender\Interfaces\ITrayService.cs(23,27): warning CS8632: The annotation for nullable reference types should only be used in code within a '#nullable' annotations context. [C:\Users\blanc\CascadeProjects\DeskDefender\DeskDefender\DeskDefender_q2bgtqvy_wpftmp.csproj]
C:\Users\blanc\CascadeProjects\DeskDefender\DeskDefender\Services\CompositeMonitoringService.cs(43,38): warning CS8632: The annotation for nullable reference types should only be used in code within a '#nullable' annotations context. [C:\Users\blanc\CascadeProjects\DeskDefender\DeskDefender\DeskDefender_q2bgtqvy_wpftmp.csproj]
C:\Users\blanc\CascadeProjects\DeskDefender\DeskDefender\Utils\UIHelper.cs(130,77): warning CS8632: The annotation for nullable reference types should only be used in code within a '#nullable' annotations context. [C:\Users\blanc\CascadeProjects\DeskDefender\DeskDefender\DeskDefender_q2bgtqvy_wpftmp.csproj]
C:\Users\blanc\CascadeProjects\DeskDefender\DeskDefender\Utils\UIHelper.cs(142,60): warning CS8632: The annotation for nullable reference types should only be used in code within a '#nullable' annotations context. [C:\Users\blanc\CascadeProjects\DeskDefender\DeskDefender\DeskDefender_q2bgtqvy_wpftmp.csproj]
C:\Users\blanc\CascadeProjects\DeskDefender\DeskDefender\Utils\UIHelper.cs(142,29): warning CS8632: The annotation for nullable reference types should only be used in code within a '#nullable' annotations context. [C:\Users\blanc\CascadeProjects\DeskDefender\DeskDefender\DeskDefender_q2bgtqvy_wpftmp.csproj]
C:\Users\blanc\CascadeProjects\DeskDefender\DeskDefender\Services\DatabaseMaintenanceService.cs(283,22): warning CS8632: The annotation for nullable reference types should only be used in code within a '#nullable' annotations context. [C:\Users\blanc\CascadeProjects\DeskDefender\DeskDefender\DeskDefender_q2bgtqvy_wpftmp.csproj]
C:\Users\blanc\CascadeProjects\DeskDefender\DeskDefender\Services\DatabaseMaintenanceService.cs(284,34): warning CS8632: The annotation for nullable reference types should only be used in code within a '#nullable' annotations context. [C:\Users\blanc\CascadeProjects\DeskDefender\DeskDefender\DeskDefender_q2bgtqvy_wpftmp.csproj]
C:\Users\blanc\CascadeProjects\DeskDefender\DeskDefender\Services\DatabaseMaintenanceService.cs(285,34): warning CS8632: The annotation for nullable reference types should only be used in code within a '#nullable' annotations context. [C:\Users\blanc\CascadeProjects\DeskDefender\DeskDefender\DeskDefender_q2bgtqvy_wpftmp.csproj]
C:\Users\blanc\CascadeProjects\DeskDefender\DeskDefender\Services\EventBatchingService.cs(34,48): warning CS8632: The annotation for nullable reference types should only be used in code within a '#nullable' annotations context. [C:\Users\blanc\CascadeProjects\DeskDefender\DeskDefender\DeskDefender_q2bgtqvy_wpftmp.csproj]
C:\Users\blanc\CascadeProjects\DeskDefender\DeskDefender\Services\EventBatchingService.cs(141,44): warning CS8632: The annotation for nullable reference types should only be used in code within a '#nullable' annotations context. [C:\Users\blanc\CascadeProjects\DeskDefender\DeskDefender\DeskDefender_q2bgtqvy_wpftmp.csproj]
C:\Users\blanc\CascadeProjects\DeskDefender\DeskDefender\Services\EventCoordinatorService.cs(87,49): warning CS8632: The annotation for nullable reference types should only be used in code within a '#nullable' annotations context. [C:\Users\blanc\CascadeProjects\DeskDefender\DeskDefender\DeskDefender_q2bgtqvy_wpftmp.csproj]
C:\Users\blanc\CascadeProjects\DeskDefender\DeskDefender\Services\IPC\IServiceInputMonitor.cs(14,54): warning CS8632: The annotation for nullable reference types should only be used in code within a '#nullable' annotations context. [C:\Users\blanc\CascadeProjects\DeskDefender\DeskDefender\DeskDefender_q2bgtqvy_wpftmp.csproj]
C:\Users\blanc\CascadeProjects\DeskDefender\DeskDefender\Models\Events\EventSummary.cs(34,31): warning CS8632: The annotation for nullable reference types should only be used in code within a '#nullable' annotations context. [C:\Users\blanc\CascadeProjects\DeskDefender\DeskDefender\DeskDefender_q2bgtqvy_wpftmp.csproj]
C:\Users\blanc\CascadeProjects\DeskDefender\DeskDefender\Models\Events\EventSummary.cs(39,28): warning CS8632: The annotation for nullable reference types should only be used in code within a '#nullable' annotations context. [C:\Users\blanc\CascadeProjects\DeskDefender\DeskDefender\DeskDefender_q2bgtqvy_wpftmp.csproj]
C:\Users\blanc\CascadeProjects\DeskDefender\DeskDefender\Services\IPC\IServiceInputMonitor.cs(31,30): warning CS8632: The annotation for nullable reference types should only be used in code within a '#nullable' annotations context. [C:\Users\blanc\CascadeProjects\DeskDefender\DeskDefender\DeskDefender_q2bgtqvy_wpftmp.csproj]
C:\Users\blanc\CascadeProjects\DeskDefender\DeskDefender\Services\IPC\IServiceInputMonitor.cs(37,30): warning CS8632: The annotation for nullable reference types should only be used in code within a '#nullable' annotations context. [C:\Users\blanc\CascadeProjects\DeskDefender\DeskDefender\DeskDefender_q2bgtqvy_wpftmp.csproj]
C:\Users\blanc\CascadeProjects\DeskDefender\DeskDefender\Services\IPC\IServiceInputMonitor.cs(53,11): warning CS8632: The annotation for nullable reference types should only be used in code within a '#nullable' annotations context. [C:\Users\blanc\CascadeProjects\DeskDefender\DeskDefender\DeskDefender_q2bgtqvy_wpftmp.csproj]
C:\Users\blanc\CascadeProjects\DeskDefender\DeskDefender\Services\NoOpTrayService.cs(16,34): warning CS8632: The annotation for nullable reference types should only be used in code within a '#nullable' annotations context. [C:\Users\blanc\CascadeProjects\DeskDefender\DeskDefender\DeskDefender_q2bgtqvy_wpftmp.csproj]
C:\Users\blanc\CascadeProjects\DeskDefender\DeskDefender\Services\NoOpTrayService.cs(17,34): warning CS8632: The annotation for nullable reference types should only be used in code within a '#nullable' annotations context. [C:\Users\blanc\CascadeProjects\DeskDefender\DeskDefender\DeskDefender_q2bgtqvy_wpftmp.csproj]
C:\Users\blanc\CascadeProjects\DeskDefender\DeskDefender\Services\NoOpTrayService.cs(18,34): warning CS8632: The annotation for nullable reference types should only be used in code within a '#nullable' annotations context. [C:\Users\blanc\CascadeProjects\DeskDefender\DeskDefender\DeskDefender_q2bgtqvy_wpftmp.csproj]
C:\Users\blanc\CascadeProjects\DeskDefender\DeskDefender\Models\Events\InputEvent.cs(55,42): warning CS8632: The annotation for nullable reference types should only be used in code within a '#nullable' annotations context. [C:\Users\blanc\CascadeProjects\DeskDefender\DeskDefender\DeskDefender_q2bgtqvy_wpftmp.csproj]
C:\Users\blanc\CascadeProjects\DeskDefender\DeskDefender\Models\Events\LoginEvent.cs(34,22): warning CS8632: The annotation for nullable reference types should only be used in code within a '#nullable' annotations context. [C:\Users\blanc\CascadeProjects\DeskDefender\DeskDefender\DeskDefender_q2bgtqvy_wpftmp.csproj]
C:\Users\blanc\CascadeProjects\DeskDefender\DeskDefender\Models\Events\LoginEvent.cs(49,22): warning CS8632: The annotation for nullable reference types should only be used in code within a '#nullable' annotations context. [C:\Users\blanc\CascadeProjects\DeskDefender\DeskDefender\DeskDefender_q2bgtqvy_wpftmp.csproj]
C:\Users\blanc\CascadeProjects\DeskDefender\DeskDefender\Services\IPC\ServiceBasedSecureInputMonitor.cs(25,42): warning CS8632: The annotation for nullable reference types should only be used in code within a '#nullable' annotations context. [C:\Users\blanc\CascadeProjects\DeskDefender\DeskDefender\DeskDefender_q2bgtqvy_wpftmp.csproj]
C:\Users\blanc\CascadeProjects\DeskDefender\DeskDefender\Services\IPC\ServiceBasedSecureInputMonitor.cs(28,36): warning CS8632: The annotation for nullable reference types should only be used in code within a '#nullable' annotations context. [C:\Users\blanc\CascadeProjects\DeskDefender\DeskDefender\DeskDefender_q2bgtqvy_wpftmp.csproj]
C:\Users\blanc\CascadeProjects\DeskDefender\DeskDefender\Services\IPC\ServiceBasedSecureInputMonitor.cs(193,52): warning CS8632: The annotation for nullable reference types should only be used in code within a '#nullable' annotations context. [C:\Users\blanc\CascadeProjects\DeskDefender\DeskDefender\DeskDefender_q2bgtqvy_wpftmp.csproj]
C:\Users\blanc\CascadeProjects\DeskDefender\DeskDefender\Services\IPC\ServiceInputMonitor.cs(429,18): warning CS8632: The annotation for nullable reference types should only be used in code within a '#nullable' annotations context. [C:\Users\blanc\CascadeProjects\DeskDefender\DeskDefender\DeskDefender_q2bgtqvy_wpftmp.csproj]
C:\Users\blanc\CascadeProjects\DeskDefender\DeskDefender\Services\IPC\ServiceInputMonitor.cs(22,61): warning CS8632: The annotation for nullable reference types should only be used in code within a '#nullable' annotations context. [C:\Users\blanc\CascadeProjects\DeskDefender\DeskDefender\DeskDefender_q2bgtqvy_wpftmp.csproj]
C:\Users\blanc\CascadeProjects\DeskDefender\DeskDefender\Services\IPC\ServiceBasedSecureInputMonitor.cs(221,55): warning CS8632: The annotation for nullable reference types should only be used in code within a '#nullable' annotations context. [C:\Users\blanc\CascadeProjects\DeskDefender\DeskDefender\DeskDefender_q2bgtqvy_wpftmp.csproj]
C:\Users\blanc\CascadeProjects\DeskDefender\DeskDefender\Services\IPC\ServiceInputMonitor.cs(103,43): warning CS8632: The annotation for nullable reference types should only be used in code within a '#nullable' annotations context. [C:\Users\blanc\CascadeProjects\DeskDefender\DeskDefender\DeskDefender_q2bgtqvy_wpftmp.csproj]
C:\Users\blanc\CascadeProjects\DeskDefender\DeskDefender\Services\IPC\ServiceInputMonitor.cs(108,43): warning CS8632: The annotation for nullable reference types should only be used in code within a '#nullable' annotations context. [C:\Users\blanc\CascadeProjects\DeskDefender\DeskDefender\DeskDefender_q2bgtqvy_wpftmp.csproj]
C:\Users\blanc\CascadeProjects\DeskDefender\DeskDefender\Services\IPC\ServiceInputMonitor.cs(442,18): warning CS8632: The annotation for nullable reference types should only be used in code within a '#nullable' annotations context. [C:\Users\blanc\CascadeProjects\DeskDefender\DeskDefender\DeskDefender_q2bgtqvy_wpftmp.csproj]
C:\Users\blanc\CascadeProjects\DeskDefender\DeskDefender\Services\IPC\ServiceInputMonitor.cs(139,90): warning CS8632: The annotation for nullable reference types should only be used in code within a '#nullable' annotations context. [C:\Users\blanc\CascadeProjects\DeskDefender\DeskDefender\DeskDefender_q2bgtqvy_wpftmp.csproj]
C:\Users\blanc\CascadeProjects\DeskDefender\DeskDefender\Services\IPC\ServiceInputMonitor.cs(139,25): warning CS8632: The annotation for nullable reference types should only be used in code within a '#nullable' annotations context. [C:\Users\blanc\CascadeProjects\DeskDefender\DeskDefender\DeskDefender_q2bgtqvy_wpftmp.csproj]
C:\Users\blanc\CascadeProjects\DeskDefender\DeskDefender\Services\IPC\ServiceInputMonitor.cs(260,30): warning CS8632: The annotation for nullable reference types should only be used in code within a '#nullable' annotations context. [C:\Users\blanc\CascadeProjects\DeskDefender\DeskDefender\DeskDefender_q2bgtqvy_wpftmp.csproj]
C:\Users\blanc\CascadeProjects\DeskDefender\DeskDefender\Services\IPC\ServiceInputMonitor.cs(24,18): warning CS8632: The annotation for nullable reference types should only be used in code within a '#nullable' annotations context. [C:\Users\blanc\CascadeProjects\DeskDefender\DeskDefender\DeskDefender_q2bgtqvy_wpftmp.csproj]
C:\Users\blanc\CascadeProjects\DeskDefender\DeskDefender\Services\WindowsLoginMonitor.cs(73,46): warning CS8632: The annotation for nullable reference types should only be used in code within a '#nullable' annotations context. [C:\Users\blanc\CascadeProjects\DeskDefender\DeskDefender\DeskDefender_q2bgtqvy_wpftmp.csproj]
C:\Users\blanc\CascadeProjects\DeskDefender\DeskDefender\Services\WorkingTrayService.cs(24,34): warning CS8632: The annotation for nullable reference types should only be used in code within a '#nullable' annotations context. [C:\Users\blanc\CascadeProjects\DeskDefender\DeskDefender\DeskDefender_q2bgtqvy_wpftmp.csproj]
C:\Users\blanc\CascadeProjects\DeskDefender\DeskDefender\Services\WorkingTrayService.cs(25,34): warning CS8632: The annotation for nullable reference types should only be used in code within a '#nullable' annotations context. [C:\Users\blanc\CascadeProjects\DeskDefender\DeskDefender\DeskDefender_q2bgtqvy_wpftmp.csproj]
C:\Users\blanc\CascadeProjects\DeskDefender\DeskDefender\Services\WorkingTrayService.cs(26,34): warning CS8632: The annotation for nullable reference types should only be used in code within a '#nullable' annotations context. [C:\Users\blanc\CascadeProjects\DeskDefender\DeskDefender\DeskDefender_q2bgtqvy_wpftmp.csproj]
C:\Users\blanc\CascadeProjects\DeskDefender\DeskDefender\Services\IPC\ServiceBasedSecureInputMonitor.cs(20,35): warning CS8632: The annotation for nullable reference types should only be used in code within a '#nullable' annotations context. [C:\Users\blanc\CascadeProjects\DeskDefender\DeskDefender\DeskDefender_q2bgtqvy_wpftmp.csproj]
C:\Users\blanc\CascadeProjects\DeskDefender\DeskDefender\Services\WindowsLoginMonitor.cs(259,27): warning CS8632: The annotation for nullable reference types should only be used in code within a '#nullable' annotations context. [C:\Users\blanc\CascadeProjects\DeskDefender\DeskDefender\DeskDefender_q2bgtqvy_wpftmp.csproj]
C:\Users\blanc\CascadeProjects\DeskDefender\DeskDefender\Services\WindowsLoginMonitor.cs(449,23): warning CS8632: The annotation for nullable reference types should only be used in code within a '#nullable' annotations context. [C:\Users\blanc\CascadeProjects\DeskDefender\DeskDefender\DeskDefender_q2bgtqvy_wpftmp.csproj]
C:\Users\blanc\CascadeProjects\DeskDefender\DeskDefender\Services\WindowsSessionMonitor.cs(47,64): warning CS8632: The annotation for nullable reference types should only be used in code within a '#nullable' annotations context. [C:\Users\blanc\CascadeProjects\DeskDefender\DeskDefender\DeskDefender_q2bgtqvy_wpftmp.csproj]
C:\Users\blanc\CascadeProjects\DeskDefender\DeskDefender\Services\WorkingTrayService.cs(201,44): warning CS8632: The annotation for nullable reference types should only be used in code within a '#nullable' annotations context. [C:\Users\blanc\CascadeProjects\DeskDefender\DeskDefender\DeskDefender_q2bgtqvy_wpftmp.csproj]
C:\Users\blanc\CascadeProjects\DeskDefender\DeskDefender\Services\IPC\ServiceInputMonitor.cs(17,34): warning CS8632: The annotation for nullable reference types should only be used in code within a '#nullable' annotations context. [C:\Users\blanc\CascadeProjects\DeskDefender\DeskDefender\DeskDefender_q2bgtqvy_wpftmp.csproj]
C:\Users\blanc\CascadeProjects\DeskDefender\DeskDefender\Services\WindowsLoginMonitor.cs(22,44): warning CS8632: The annotation for nullable reference types should only be used in code within a '#nullable' annotations context. [C:\Users\blanc\CascadeProjects\DeskDefender\DeskDefender\DeskDefender_q2bgtqvy_wpftmp.csproj]
C:\Users\blanc\CascadeProjects\DeskDefender\DeskDefender\Services\WorkingTrayService.cs(16,48): warning CS8632: The annotation for nullable reference types should only be used in code within a '#nullable' annotations context. [C:\Users\blanc\CascadeProjects\DeskDefender\DeskDefender\DeskDefender_q2bgtqvy_wpftmp.csproj]
C:\Users\blanc\CascadeProjects\DeskDefender\DeskDefender\Services\WorkingTrayService.cs(17,54): warning CS8632: The annotation for nullable reference types should only be used in code within a '#nullable' annotations context. [C:\Users\blanc\CascadeProjects\DeskDefender\DeskDefender\DeskDefender_q2bgtqvy_wpftmp.csproj]
C:\Users\blanc\CascadeProjects\DeskDefender\DeskDefender\Services\WorkingTrayService.cs(18,55): warning CS8632: The annotation for nullable reference types should only be used in code within a '#nullable' annotations context. [C:\Users\blanc\CascadeProjects\DeskDefender\DeskDefender\DeskDefender_q2bgtqvy_wpftmp.csproj]
C:\Users\blanc\CascadeProjects\DeskDefender\DeskDefender\Services\WorkingTrayService.cs(19,55): warning CS8632: The annotation for nullable reference types should only be used in code within a '#nullable' annotations context. [C:\Users\blanc\CascadeProjects\DeskDefender\DeskDefender\DeskDefender_q2bgtqvy_wpftmp.csproj]
C:\Users\blanc\CascadeProjects\DeskDefender\DeskDefender\Services\WorkingTrayService.cs(20,55): warning CS8632: The annotation for nullable reference types should only be used in code within a '#nullable' annotations context. [C:\Users\blanc\CascadeProjects\DeskDefender\DeskDefender\DeskDefender_q2bgtqvy_wpftmp.csproj]
C:\Users\blanc\CascadeProjects\DeskDefender\DeskDefender\MainWindow.xaml.cs(368,51): warning CS8632: The annotation for nullable reference types should only be used in code within a '#nullable' annotations context. [C:\Users\blanc\CascadeProjects\DeskDefender\DeskDefender\DeskDefender_q2bgtqvy_wpftmp.csproj]
C:\Users\blanc\CascadeProjects\DeskDefender\DeskDefender\MainWindow.xaml.cs(878,49): warning CS8632: The annotation for nullable reference types should only be used in code within a '#nullable' annotations context. [C:\Users\blanc\CascadeProjects\DeskDefender\DeskDefender\DeskDefender_q2bgtqvy_wpftmp.csproj]
C:\Users\blanc\CascadeProjects\DeskDefender\DeskDefender\MainWindow.xaml.cs(896,50): warning CS8632: The annotation for nullable reference types should only be used in code within a '#nullable' annotations context. [C:\Users\blanc\CascadeProjects\DeskDefender\DeskDefender\DeskDefender_q2bgtqvy_wpftmp.csproj]
C:\Users\blanc\CascadeProjects\DeskDefender\DeskDefender\MainWindow.xaml.cs(912,51): warning CS8632: The annotation for nullable reference types should only be used in code within a '#nullable' annotations context. [C:\Users\blanc\CascadeProjects\DeskDefender\DeskDefender\DeskDefender_q2bgtqvy_wpftmp.csproj]
C:\Users\blanc\CascadeProjects\DeskDefender\DeskDefender\MainWindow.xaml.cs(928,50): warning CS8632: The annotation for nullable reference types should only be used in code within a '#nullable' annotations context. [C:\Users\blanc\CascadeProjects\DeskDefender\DeskDefender\DeskDefender_q2bgtqvy_wpftmp.csproj]
C:\Users\blanc\CascadeProjects\DeskDefender\DeskDefender\MainWindow.xaml.cs(962,64): warning CS8632: The annotation for nullable reference types should only be used in code within a '#nullable' annotations context. [C:\Users\blanc\CascadeProjects\DeskDefender\DeskDefender\DeskDefender_q2bgtqvy_wpftmp.csproj]
C:\Users\blanc\CascadeProjects\DeskDefender\DeskDefender\MainWindow.xaml.cs(990,49): warning CS8632: The annotation for nullable reference types should only be used in code within a '#nullable' annotations context. [C:\Users\blanc\CascadeProjects\DeskDefender\DeskDefender\DeskDefender_q2bgtqvy_wpftmp.csproj]
C:\Users\blanc\CascadeProjects\DeskDefender\DeskDefender\MainWindow.xaml.cs(1010,44): warning CS8632: The annotation for nullable reference types should only be used in code within a '#nullable' annotations context. [C:\Users\blanc\CascadeProjects\DeskDefender\DeskDefender\DeskDefender_q2bgtqvy_wpftmp.csproj]
C:\Users\blanc\CascadeProjects\DeskDefender\DeskDefender\MainWindow.xaml.cs(49,23): warning CS8632: The annotation for nullable reference types should only be used in code within a '#nullable' annotations context. [C:\Users\blanc\CascadeProjects\DeskDefender\DeskDefender\DeskDefender_q2bgtqvy_wpftmp.csproj]
C:\Users\blanc\CascadeProjects\DeskDefender\DeskDefender\MainWindow.xaml.cs(50,32): warning CS8632: The annotation for nullable reference types should only be used in code within a '#nullable' annotations context. [C:\Users\blanc\CascadeProjects\DeskDefender\DeskDefender\DeskDefender_q2bgtqvy_wpftmp.csproj]
C:\Users\blanc\CascadeProjects\DeskDefender\DeskDefender\MainWindow.xaml.cs(259,28): warning CS1998: This async method lacks 'await' operators and will run synchronously. Consider using the 'await' operator to await non-blocking API calls, or 'await Task.Run(...)' to do CPU-bound work on a background thread. [C:\Users\blanc\CascadeProjects\DeskDefender\DeskDefender\DeskDefender_q2bgtqvy_wpftmp.csproj]
C:\Users\blanc\CascadeProjects\DeskDefender\DeskDefender\MainWindow.xaml.cs(264,28): warning CS1998: This async method lacks 'await' operators and will run synchronously. Consider using the 'await' operator to await non-blocking API calls, or 'await Task.Run(...)' to do CPU-bound work on a background thread. [C:\Users\blanc\CascadeProjects\DeskDefender\DeskDefender\DeskDefender_q2bgtqvy_wpftmp.csproj]
C:\Users\blanc\CascadeProjects\DeskDefender\DeskDefender\Services\CompositeMonitoringService.cs(880,28): warning CS1998: This async method lacks 'await' operators and will run synchronously. Consider using the 'await' operator to await non-blocking API calls, or 'await Task.Run(...)' to do CPU-bound work on a background thread. [C:\Users\blanc\CascadeProjects\DeskDefender\DeskDefender\DeskDefender_q2bgtqvy_wpftmp.csproj]
C:\Users\blanc\CascadeProjects\DeskDefender\DeskDefender\Services\IPC\ServiceInputMonitor.cs(76,23): warning CS1998: This async method lacks 'await' operators and will run synchronously. Consider using the 'await' operator to await non-blocking API calls, or 'await Task.Run(...)' to do CPU-bound work on a background thread. [C:\Users\blanc\CascadeProjects\DeskDefender\DeskDefender\DeskDefender_q2bgtqvy_wpftmp.csproj]
C:\Users\blanc\CascadeProjects\DeskDefender\DeskDefender\Services\IPC\ServiceInputMonitor.cs(203,26): warning CS8632: The annotation for nullable reference types should only be used in code within a '#nullable' annotations context. [C:\Users\blanc\CascadeProjects\DeskDefender\DeskDefender\DeskDefender_q2bgtqvy_wpftmp.csproj]
C:\Users\blanc\CascadeProjects\DeskDefender\DeskDefender\Services\OpenCvCameraService.cs(508,28): warning CS1998: This async method lacks 'await' operators and will run synchronously. Consider using the 'await' operator to await non-blocking API calls, or 'await Task.Run(...)' to do CPU-bound work on a background thread. [C:\Users\blanc\CascadeProjects\DeskDefender\DeskDefender\DeskDefender_q2bgtqvy_wpftmp.csproj]
C:\Users\blanc\CascadeProjects\DeskDefender\DeskDefender\Services\IPC\ServiceInputMonitor.cs(344,49): warning CS8632: The annotation for nullable reference types should only be used in code within a '#nullable' annotations context. [C:\Users\blanc\CascadeProjects\DeskDefender\DeskDefender\DeskDefender_q2bgtqvy_wpftmp.csproj]
C:\Users\blanc\CascadeProjects\DeskDefender\DeskDefender\Services\NoOpTrayService.cs(17,36): warning CS0067: The event 'NoOpTrayService.ExitApplication' is never used [C:\Users\blanc\CascadeProjects\DeskDefender\DeskDefender\DeskDefender_q2bgtqvy_wpftmp.csproj]
C:\Users\blanc\CascadeProjects\DeskDefender\DeskDefender\Services\NoOpTrayService.cs(16,36): warning CS0067: The event 'NoOpTrayService.ShowMainWindow' is never used [C:\Users\blanc\CascadeProjects\DeskDefender\DeskDefender\DeskDefender_q2bgtqvy_wpftmp.csproj]
C:\Users\blanc\CascadeProjects\DeskDefender\DeskDefender\Services\NoOpTrayService.cs(18,36): warning CS0067: The event 'NoOpTrayService.ToggleMonitoring' is never used [C:\Users\blanc\CascadeProjects\DeskDefender\DeskDefender\DeskDefender_q2bgtqvy_wpftmp.csproj]
C:\Users\blanc\CascadeProjects\DeskDefender\DeskDefender\Services\StealthCaptureService.cs(74,37): error CS0104: 'Timer' is an ambiguous reference between 'System.Windows.Forms.Timer' and 'System.Threading.Timer' [C:\Users\blanc\CascadeProjects\DeskDefender\DeskDefender\DeskDefender_q2bgtqvy_wpftmp.csproj]
    101 Warning(s)
    1 Error(s)

Time Elapsed 00:00:01.09
