MSBUILD : error MSB1001: Unknown switch.
    Full command line: 'C:\Program Files\dotnet\sdk\9.0.301\MSBuild.dll -maxcpucount -verbosity:m -tlp:default=auto -nologo -restore -consoleloggerparameters:Summary -property:Configuration=Debug -verbosity:normal DeskDefender.csproj --no-logo -distributedlogger:Microsoft.DotNet.Tools.MSBuild.MSBuildLogger,C:\Program Files\dotnet\sdk\9.0.301\dotnet.dll*Microsoft.DotNet.Tools.MSBuild.MSBuildForwardingLogger,C:\Program Files\dotnet\sdk\9.0.301\dotnet.dll'
  Switches appended by response files:
Switch: --no-logo

For switch syntax, type "MSBuild -help"
